// Jest Snapshot v1, https://goo.gl/fbAQLP

exports[`matches snapshot 1`] = `
<div>
  <h1>
    Counter
  </h1>
  <p
    data-testid="count"
  >
    0
  </p>
  <button
    onClick={[Function]}
  >
    Increment
  </button>
  <button
    onClick={[Function]}
  >
    Decrement
  </button>
</div>
`;
